// Jest Snapshot v1, https://goo.gl/fbAQLP

exports[`renders correctly 1`] = `
<div
  className="add-car-form"
>
  <img
    className="reservation-image-overlay"
    src="https://i.ibb.co/pK2TsyG/486-4862054-super-car-png.png"
  />
  <h2
    className="add-car-title"
  >
    ADD A CAR
  </h2>
  <form
    className="add-car-form-component"
    onSubmit={[Function]}
  >
    <div
      className=""
    >
      <label
        className="add-car-label"
      >
        Name:
      </label>
      <input
        onChange={[Function]}
        required={true}
        type="text"
        value=""
      />
    </div>
    <div
      className=""
    >
      <label
        className="add-car-label"
      >
        Image:
      </label>
      <input
        className="add-car-input"
        onChange={[Function]}
        required={true}
        type="text"
        value=""
      />
    </div>
    <div
      className=""
    >
      <label
        className="add-car-label"
      >
        Description:
      </label>
      <input
        className="add-car-input"
        onChange={[Function]}
        required={true}
        type="text"
        value=""
      />
    </div>
    <div
      className=""
    >
      <label
        className="add-car-label"
      >
        Model:
      </label>
      <input
        className="add-car-input"
        onChange={[Function]}
        required={true}
        type="text"
        value=""
      />
    </div>
    <div
      className=""
    >
      <label
        className="add-car-label"
      >
        Engine:
      </label>
      <input
        className="add-car-input"
        onChange={[Function]}
        required={true}
        type="text"
        value=""
      />
    </div>
    <div
      className=""
    >
      <label
        className="add-car-label"
      >
        Price:
      </label>
      <input
        className="add-car-input"
        onChange={[Function]}
        required={true}
        type="integer"
        value=""
      />
    </div>
    <div
      className=""
    >
      <label
        className="add-car-label"
      >
        Mileage:
      </label>
      <input
        className="add-car-input"
        onChange={[Function]}
        required={true}
        type="integer"
        value=""
      />
    </div>
    <button
      className="submit-add-car"
      disabled={false}
      type="submit"
    >
      Add Car
    </button>
  </form>
</div>
`;
